                                                                                                    
                                                                                                    
                                                                                                    
                                                              ________________                      
                                                     ______.-'_  .-'    '-.   '-.                   
                                                  .-'    .-'   '-.        '-.   '-.                 
                     __________                 .-'      '-------------------'-----'                
                  .-'          '-.              '-------------------'                               
                .-'              '-.                        __________                              
                '-------------------'               _____.-'__        '-.                           
                                                 .-'   .-'    '-.       '-.                         
                                               .-'     '-------------------'                        
                                               '-------------------'                                
                                                       __________                                   
                                 __________         .-'          '-.                                
                              .-'          '-.    .-'              '-.                            .-
                            .-'              '-.  '-------------------'                           '-
                            '-------------------'                                                   
                                                                                                    
                                                                                                    
       ⠇⠇⣿⣿⣿⣿⠇⠇          ⠇⠇⣿⣿⣿⣿⠇⠇          ⠇⣿⣿⣿⣿⣿⠇⠇          ⠇⣿⣿⣿⣿⣿⠇⠇          ⠇⣿⣿⣿⣿⣿⠇⠇          ⠇⣿⣿
     ⠇⣿⣿⣿⣿⣿⠇           ⠇⣿⣿⣿⣿⣿⠇           ⠇⣿⣿⣿⣿⣿⠇           ⠇⣿⣿⣿⣿⣿⠇           ⠇⣿⣿⣿⣿⣿⠇           ⠇⣿⣿⣿⣿
   ⠇⣿⣿⣿⣿⣿⠇           ⠇⣿⣿⣿⣿⣿⠇           ⠇⣿⣿⣿⣿⣿⠇           ⠇⣿⣿⣿⣿⣿⠇           ⠇⣿⣿⣿⣿⣿⠇           ⠇⣿⣿⣿⣿⣿⠇
 ⠇⣿⣿⣿⣿⣿⠇           ⠇⣿⣿⣿⣿⠇⠇           ⠇⣿⣿⣿⣿⠇            ⠇⣿⣿⣿⣿⠇           ⠇⠇⣿⣿⣿⣿⠇           ⠇⣿⣿⣿⣿⣿⠇   
⣿⣿⣿⣿⠇           ⠇⣿⣿⣿⣿⣿⠇           ⠇⣿⣿⣿⣿⣿⠇           ⠇⣿⣿⣿⣿⣿⠇           ⠇⣿⣿⣿⣿⣿⠇           ⠇⣿⣿⣿⣿⣿⠇     
⣿⣿⠇           ⠇⣿⣿⣿⣿⣿⠇           ⠇⣿⣿⣿⣿⣿⠇           ⠇⣿⣿⣿⣿⣿⠇           ⠇⣿⣿⣿⣿⣿⠇           ⠇⣿⣿⣿⣿⣿⠇       
            ⠇⣿⣿⣿⣿⣿            ⠇⣿⣿⣿⣿⣿            ⠇⣿⣿⣿⣿⣿            ⠇⣿⣿⣿⣿⠇            ⠇⣿⣿⣿⣿⠇          
          ⠇⣿⣿⣿⣿⠇            ⣿⣿⣿⣿⣿⠇            ⣿⣿⣿⣿⣿⠇            ⣿⣿⣿⣿⣿⠇            ⣿⣿⣿⣿⣿⠇            
        ⣿⣿⣿⣿⣿⠇            ⣿⣿⣿⣿⣿             ⣿⣿⣿⣿⣿             ⣿⣿⣿⣿⣿             ⣿⣿⣿⣿⣿             ⣿⣿
      ⣿⣿⣿⣿⣿             ⣿⣿⣿⣿⣿            ⠇⣿⣿⣿⣿⣿            ⠇⣿⣿⣿⣿⣿            ⠇⣿⣿⣿⣿⣿            ⠇⣿⣿⣿⣿
